components/ui/Hyperspeed.tsx(413,25): error TS2353: Object literal may only specify known properties, and 'searchImage' does not exist in type '{ preset?: SMAAPreset | undefined; edgeDetectionMode?: EdgeDetectionMode | undefined; predicationMode?: PredicationMode | undefined; }'.
components/ui/Hyperspeed.tsx(652,74): error TS2345: Argument of type 'TubeGeometry' is not assignable to parameter of type 'InstancedBufferGeometry'.
  Type 'TubeGeometry' is missing the following properties from type 'InstancedBufferGeometry': isInstancedBufferGeometry, instanceCount
components/ui/Hyperspeed.tsx(808,74): error TS2345: Argument of type 'PlaneGeometry' is not assignable to parameter of type 'InstancedBufferGeometry'.
  Type 'PlaneGeometry' is missing the following properties from type 'InstancedBufferGeometry': isInstancedBufferGeometry, instanceCount
